C:\Users\pic\Documents\GitHub\java-spring-my-shop\src\main\java\com\example\myshop\DatabaseLoader.java
C:\Users\pic\Documents\GitHub\java-spring-my-shop\src\main\java\com\example\myshop\SecurityConfiguration.java
C:\Users\pic\Documents\GitHub\java-spring-my-shop\src\main\java\com\example\myshop\Product.java
C:\Users\pic\Documents\GitHub\java-spring-my-shop\src\main\java\com\example\myshop\WebSocketConfiguration.java
C:\Users\pic\Documents\GitHub\java-spring-my-shop\src\main\java\com\example\myshop\HomeController.java
C:\Users\pic\Documents\GitHub\java-spring-my-shop\src\main\java\com\example\myshop\ReactAndSpringDataRestApplication.java
C:\Users\pic\Documents\GitHub\java-spring-my-shop\src\main\java\com\example\myshop\EventHandler.java
C:\Users\pic\Documents\GitHub\java-spring-my-shop\src\main\java\com\example\myshop\ProductRepository.java
C:\Users\pic\Documents\GitHub\java-spring-my-shop\src\main\java\com\example\myshop\SpringDataJpaUserDetailsService.java
C:\Users\pic\Documents\GitHub\java-spring-my-shop\src\main\java\com\example\myshop\SpringDataRestEventHandler.java
C:\Users\pic\Documents\GitHub\java-spring-my-shop\src\main\java\com\example\myshop\Manager.java
C:\Users\pic\Documents\GitHub\java-spring-my-shop\src\main\java\com\example\myshop\ManagerRepository.java
